
> research-flow-agent@0.0.0 build
> tsc -b && vite build

src/App.tsx(4,1): error TS6133: 'html2canvas' is declared but its value is never read.
src/App.tsx(304,15): error TS6133: 'currentBudget' is declared but its value is never read.
